CLI Pegasus Exception: Authentication failed.. Cmd = ni Object = CIMOMSample
CLI Pegasus Exception: Authentication failed.. Cmd = ni Object = CIMOMSample
CIMOMSample.Id=187
CIMOMSample.Id=187
